INFO 2025-03-26 15:25:29,189 autoreload 12692 12856 Watching for file changes with StatReloader
INFO 2025-03-26 15:25:36,151 basehttp 12692 13960 "GET /history/ HTTP/1.1" 200 2627
INFO 2025-03-26 15:27:38,536 basehttp 12692 10244 "GET /history/ HTTP/1.1" 200 2628
INFO 2025-03-26 15:27:39,191 basehttp 12692 10244 "GET /history/ HTTP/1.1" 200 2628
INFO 2025-03-26 15:29:30,874 autoreload 12692 12856 C:\CompSci\ENGF0034\Scenarios2\UCLYellowPages\profiles\views.py changed, reloading.
INFO 2025-03-26 15:29:31,796 autoreload 17272 13848 Watching for file changes with StatReloader
INFO 2025-03-26 15:29:41,877 autoreload 17272 13848 C:\CompSci\ENGF0034\Scenarios2\UCLYellowPages\profiles\views.py changed, reloading.
INFO 2025-03-26 15:29:42,805 autoreload 19032 12100 Watching for file changes with StatReloader
INFO 2025-03-26 15:31:10,075 autoreload 19032 12100 C:\CompSci\ENGF0034\Scenarios2\UCLYellowPages\profiles\views.py changed, reloading.
INFO 2025-03-26 15:31:11,139 autoreload 1852 2704 Watching for file changes with StatReloader
INFO 2025-03-26 15:32:44,422 autoreload 19604 7080 Watching for file changes with StatReloader
INFO 2025-03-26 15:32:53,592 basehttp 19604 3940 "GET /profiles/edit_profile/ HTTP/1.1" 200 4839
INFO 2025-03-26 15:33:01,818 basehttp 19604 3940 "POST /profiles/edit_profile/ HTTP/1.1" 302 0
INFO 2025-03-26 15:33:01,834 basehttp 19604 3940 "GET /profiles/edit_profile/ HTTP/1.1" 200 5005
INFO 2025-03-26 15:33:14,770 basehttp 19604 3940 "GET /history/ HTTP/1.1" 200 2376
INFO 2025-03-26 15:33:18,804 basehttp 19604 3940 "GET /history/ HTTP/1.1" 200 2376
INFO 2025-03-26 15:33:19,384 basehttp 19604 3940 "GET /history/ HTTP/1.1" 200 2376
INFO 2025-03-26 15:33:21,635 basehttp 19604 3940 "GET /settings/ HTTP/1.1" 200 4587
INFO 2025-03-26 15:33:22,817 basehttp 19604 3940 "GET /profiles/edit_profile/ HTTP/1.1" 200 4847
INFO 2025-03-26 15:33:24,977 basehttp 19604 3940 "POST /profiles/edit_profile/ HTTP/1.1" 302 0
INFO 2025-03-26 15:33:24,991 basehttp 19604 3940 "GET /profiles/edit_profile/ HTTP/1.1" 200 4997
INFO 2025-03-26 15:33:26,285 basehttp 19604 3940 "GET /history/ HTTP/1.1" 200 2376
INFO 2025-03-26 15:33:38,400 basehttp 19604 3940 "GET /settings/ HTTP/1.1" 200 4587
INFO 2025-03-26 15:33:39,452 basehttp 19604 3940 "GET /profiles/edit_profile/ HTTP/1.1" 200 4839
INFO 2025-03-26 15:33:40,980 basehttp 19604 3940 "POST /profiles/edit_profile/ HTTP/1.1" 302 0
INFO 2025-03-26 15:33:40,995 basehttp 19604 3940 "GET /profiles/edit_profile/ HTTP/1.1" 200 5005
INFO 2025-03-26 15:33:42,090 basehttp 19604 3940 "GET /history/ HTTP/1.1" 200 2376
INFO 2025-03-26 15:33:46,526 basehttp 19604 10508 "GET /search/ HTTP/1.1" 200 2810
INFO 2025-03-26 15:33:48,046 basehttp 19604 10508 "GET /search/?q=admin HTTP/1.1" 200 3782
INFO 2025-03-26 15:33:49,174 views 19604 10508 Profile view attempted: admin@ucl.ac.uk
INFO 2025-03-26 15:33:49,174 views 19604 10508 Viewer: markoAdmin@ucl.ac.uk
INFO 2025-03-26 15:33:49,174 views 19604 10508 Tracking enabled: True
INFO 2025-03-26 15:33:49,185 views 19604 10508 Profile view recorded: ProfileView object (35)
ERROR 2025-03-26 15:33:49,238 log 19604 10508 Internal Server Error: /profile/admin@ucl.ac.uk/
Traceback (most recent call last):
  File "C:\Python\Python312\Lib\site-packages\django\core\handlers\exception.py", line 55, in inner
    response = get_response(request)
               ^^^^^^^^^^^^^^^^^^^^^
  File "C:\Python\Python312\Lib\site-packages\django\core\handlers\base.py", line 204, in _get_response
    self.check_response(response, callback)
  File "C:\Python\Python312\Lib\site-packages\django\core\handlers\base.py", line 332, in check_response
    raise ValueError(
ValueError: The view profiles.views.profile_view didn't return an HttpResponse object. It returned None instead.
ERROR 2025-03-26 15:33:49,241 basehttp 19604 10508 "GET /profile/admin@ucl.ac.uk/ HTTP/1.1" 500 67336
INFO 2025-03-26 15:33:54,800 views 19604 10508 Profile view attempted: admin@ucl.ac.uk
INFO 2025-03-26 15:33:54,801 views 19604 10508 Viewer: markoAdmin@ucl.ac.uk
INFO 2025-03-26 15:33:54,801 views 19604 10508 Tracking enabled: True
INFO 2025-03-26 15:33:54,812 views 19604 10508 Profile view recorded: ProfileView object (36)
ERROR 2025-03-26 15:33:54,834 log 19604 10508 Internal Server Error: /profile/admin@ucl.ac.uk/
Traceback (most recent call last):
  File "C:\Python\Python312\Lib\site-packages\django\core\handlers\exception.py", line 55, in inner
    response = get_response(request)
               ^^^^^^^^^^^^^^^^^^^^^
  File "C:\Python\Python312\Lib\site-packages\django\core\handlers\base.py", line 204, in _get_response
    self.check_response(response, callback)
  File "C:\Python\Python312\Lib\site-packages\django\core\handlers\base.py", line 332, in check_response
    raise ValueError(
ValueError: The view profiles.views.profile_view didn't return an HttpResponse object. It returned None instead.
ERROR 2025-03-26 15:33:54,837 basehttp 19604 10508 "GET /profile/admin@ucl.ac.uk/ HTTP/1.1" 500 67336
INFO 2025-03-26 15:33:56,567 views 19604 10508 Profile view attempted: admin@ucl.ac.uk
INFO 2025-03-26 15:33:56,567 views 19604 10508 Viewer: markoAdmin@ucl.ac.uk
INFO 2025-03-26 15:33:56,567 views 19604 10508 Tracking enabled: True
INFO 2025-03-26 15:33:56,578 views 19604 10508 Profile view recorded: ProfileView object (37)
ERROR 2025-03-26 15:33:56,600 log 19604 10508 Internal Server Error: /profile/admin@ucl.ac.uk/
Traceback (most recent call last):
  File "C:\Python\Python312\Lib\site-packages\django\core\handlers\exception.py", line 55, in inner
    response = get_response(request)
               ^^^^^^^^^^^^^^^^^^^^^
  File "C:\Python\Python312\Lib\site-packages\django\core\handlers\base.py", line 204, in _get_response
    self.check_response(response, callback)
  File "C:\Python\Python312\Lib\site-packages\django\core\handlers\base.py", line 332, in check_response
    raise ValueError(
ValueError: The view profiles.views.profile_view didn't return an HttpResponse object. It returned None instead.
ERROR 2025-03-26 15:33:56,602 basehttp 19604 10508 "GET /profile/admin@ucl.ac.uk/ HTTP/1.1" 500 67336
INFO 2025-03-26 15:36:22,149 basehttp 19604 3940 "GET /history/ HTTP/1.1" 200 2376
INFO 2025-03-26 15:36:24,550 basehttp 19604 3940 "GET /search/ HTTP/1.1" 200 2810
INFO 2025-03-26 15:36:27,218 basehttp 19604 3940 "GET /search/?q=admin HTTP/1.1" 200 3797
INFO 2025-03-26 15:36:28,253 views 19604 3940 Profile view attempted: markoAdmin@ucl.ac.uk
INFO 2025-03-26 15:36:28,253 views 19604 3940 Viewer: admin@ucl.ac.uk
INFO 2025-03-26 15:36:28,254 views 19604 3940 Tracking enabled: False
ERROR 2025-03-26 15:36:28,276 log 19604 3940 Internal Server Error: /profile/markoAdmin@ucl.ac.uk/
Traceback (most recent call last):
  File "C:\Python\Python312\Lib\site-packages\django\core\handlers\exception.py", line 55, in inner
    response = get_response(request)
               ^^^^^^^^^^^^^^^^^^^^^
  File "C:\Python\Python312\Lib\site-packages\django\core\handlers\base.py", line 204, in _get_response
    self.check_response(response, callback)
  File "C:\Python\Python312\Lib\site-packages\django\core\handlers\base.py", line 332, in check_response
    raise ValueError(
ValueError: The view profiles.views.profile_view didn't return an HttpResponse object. It returned None instead.
ERROR 2025-03-26 15:36:28,277 basehttp 19604 3940 "GET /profile/markoAdmin@ucl.ac.uk/ HTTP/1.1" 500 67381
INFO 2025-03-26 15:37:25,127 autoreload 19604 7080 C:\CompSci\ENGF0034\Scenarios2\UCLYellowPages\profiles\views.py changed, reloading.
INFO 2025-03-26 15:37:26,188 autoreload 3012 11936 Watching for file changes with StatReloader
INFO 2025-03-26 15:37:38,497 basehttp 3012 7744 "GET /search/?q=admin HTTP/1.1" 200 3782
INFO 2025-03-26 15:37:39,457 basehttp 3012 7744 "GET /profile/admin@ucl.ac.uk/ HTTP/1.1" 200 3197
INFO 2025-03-26 15:37:44,069 basehttp 3012 7744 "GET /history/ HTTP/1.1" 200 2376
INFO 2025-03-26 15:37:52,248 basehttp 3012 2304 "GET /profile/markoAdmin@ucl.ac.uk/ HTTP/1.1" 200 3207
INFO 2025-03-26 15:37:59,261 basehttp 3012 7744 "GET /admin/profiles/profileview/ HTTP/1.1" 200 22197
INFO 2025-03-26 15:37:59,309 basehttp 3012 7744 "GET /admin/jsi18n/ HTTP/1.1" 200 3342
INFO 2025-03-26 15:42:35,214 autoreload 11452 16256 Watching for file changes with StatReloader
INFO 2025-03-26 15:42:47,374 basehttp 11452 13488 "GET /admin/profiles/profileview/ HTTP/1.1" 200 22197
INFO 2025-03-26 15:42:47,588 basehttp 11452 11192 "GET /admin/jsi18n/ HTTP/1.1" 200 3342
INFO 2025-03-26 15:42:47,723 basehttp 11452 2644 "GET /static/admin/css/dark_mode.css HTTP/1.1" 200 2804
INFO 2025-03-26 15:42:47,732 basehttp 11452 13488 "GET /static/admin/css/base.css HTTP/1.1" 200 22092
INFO 2025-03-26 15:42:47,763 basehttp 11452 13488 "GET /static/admin/js/jquery.init.js HTTP/1.1" 200 347
INFO 2025-03-26 15:42:47,780 basehttp 11452 11248 "GET /static/admin/js/theme.js HTTP/1.1" 200 1653
INFO 2025-03-26 15:42:47,793 basehttp 11452 11840 "GET /static/admin/css/nav_sidebar.css HTTP/1.1" 200 2810
INFO 2025-03-26 15:42:47,801 basehttp 11452 8572 "GET /static/admin/css/changelists.css HTTP/1.1" 200 6878
INFO 2025-03-26 15:42:47,819 basehttp 11452 13488 "GET /static/admin/js/core.js HTTP/1.1" 200 6208
INFO 2025-03-26 15:42:47,824 basehttp 11452 11192 "GET /static/admin/css/responsive.css HTTP/1.1" 200 17972
INFO 2025-03-26 15:42:47,846 basehttp 11452 11248 "GET /static/admin/js/admin/RelatedObjectLookups.js HTTP/1.1" 200 9097
INFO 2025-03-26 15:42:47,852 basehttp 11452 8572 "GET /static/admin/js/urlify.js HTTP/1.1" 200 7887
INFO 2025-03-26 15:42:47,860 basehttp 11452 11840 "GET /static/admin/js/actions.js HTTP/1.1" 200 8076
INFO 2025-03-26 15:42:47,860 basehttp 11452 13488 "GET /static/admin/js/prepopulate.js HTTP/1.1" 200 1531
INFO 2025-03-26 15:42:47,897 basehttp 11452 2644 "GET /static/admin/js/vendor/jquery/jquery.js HTTP/1.1" 200 285314
INFO 2025-03-26 15:42:47,943 basehttp 11452 2644 "GET /static/admin/js/nav_sidebar.js HTTP/1.1" 200 3063
INFO 2025-03-26 15:42:47,974 basehttp 11452 2644 "GET /static/admin/js/filters.js HTTP/1.1" 200 978
INFO 2025-03-26 15:42:48,069 basehttp 11452 11192 "GET /static/admin/js/vendor/xregexp/xregexp.js HTTP/1.1" 200 325171
INFO 2025-03-26 15:42:48,149 basehttp 11452 2644 "GET /static/admin/img/tooltag-add.svg HTTP/1.1" 200 331
INFO 2025-03-26 15:42:48,150 basehttp 11452 11192 "GET /static/admin/img/icon-addlink.svg HTTP/1.1" 200 331
WARNING 2025-03-26 15:42:48,291 log 11452 11192 Not Found: /favicon.ico
WARNING 2025-03-26 15:42:48,292 basehttp 11452 11192 "GET /favicon.ico HTTP/1.1" 404 3905
INFO 2025-03-26 15:42:51,754 basehttp 11452 11192 "GET /history/ HTTP/1.1" 200 2376
INFO 2025-03-26 15:42:53,595 basehttp 11452 11192 "GET /history/ HTTP/1.1" 200 2376
INFO 2025-03-26 15:43:01,340 basehttp 11452 11968 "GET / HTTP/1.1" 200 1548
INFO 2025-03-26 15:43:02,900 basehttp 11452 11968 "GET /accounts/login/ HTTP/1.1" 200 2620
INFO 2025-03-26 15:43:11,046 basehttp 11452 11968 "POST /accounts/login/ HTTP/1.1" 302 0
INFO 2025-03-26 15:43:11,056 basehttp 11452 11968 "GET / HTTP/1.1" 200 2299
INFO 2025-03-26 15:43:12,298 basehttp 11452 11968 "GET /settings/ HTTP/1.1" 200 4587
INFO 2025-03-26 15:43:13,463 basehttp 11452 11968 "GET /search/ HTTP/1.1" 200 2810
INFO 2025-03-26 15:43:14,463 basehttp 11452 11968 "GET /history/ HTTP/1.1" 200 2376
INFO 2025-03-26 15:43:16,014 basehttp 11452 11968 "GET /profiles/edit_profile/ HTTP/1.1" 200 4847
INFO 2025-03-26 15:43:17,118 basehttp 11452 11968 "GET /history/ HTTP/1.1" 200 2376
INFO 2025-03-26 15:44:05,873 autoreload 11452 16256 C:\CompSci\ENGF0034\Scenarios2\UCLYellowPages\profiles\models.py changed, reloading.
INFO 2025-03-26 15:44:08,397 autoreload 7400 7396 Watching for file changes with StatReloader
INFO 2025-03-26 15:44:22,558 autoreload 7400 7396 C:\CompSci\ENGF0034\Scenarios2\UCLYellowPages\profiles\models.py changed, reloading.
INFO 2025-03-26 15:44:23,821 autoreload 9840 9964 Watching for file changes with StatReloader
INFO 2025-03-26 15:44:33,091 basehttp 9840 11636 "GET /admin/profiles/profileview/ HTTP/1.1" 200 22909
INFO 2025-03-26 15:44:33,148 basehttp 9840 11636 "GET /admin/jsi18n/ HTTP/1.1" 200 3342
INFO 2025-03-26 15:44:53,387 autoreload 9840 9964 C:\CompSci\ENGF0034\Scenarios2\UCLYellowPages\profiles\models.py changed, reloading.
INFO 2025-03-26 15:44:54,938 autoreload 9020 12632 Watching for file changes with StatReloader
INFO 2025-03-26 15:44:56,701 basehttp 9020 11648 "GET /admin/profiles/profileview/ HTTP/1.1" 200 22757
INFO 2025-03-26 15:44:56,753 basehttp 9020 11648 "GET /admin/jsi18n/ HTTP/1.1" 200 3342
INFO 2025-03-26 15:45:22,080 autoreload 9020 12632 C:\CompSci\ENGF0034\Scenarios2\UCLYellowPages\profiles\models.py changed, reloading.
INFO 2025-03-26 15:45:24,442 autoreload 11624 3788 Watching for file changes with StatReloader
INFO 2025-03-26 15:45:26,045 basehttp 11624 2072 "GET /admin/profiles/profileview/ HTTP/1.1" 200 22833
INFO 2025-03-26 15:45:26,633 basehttp 11624 2072 "GET /admin/jsi18n/ HTTP/1.1" 200 3342
INFO 2025-03-26 15:47:05,351 basehttp 11624 2072 "GET /history/ HTTP/1.1" 200 2376
INFO 2025-03-26 15:48:14,528 autoreload 12320 816 Watching for file changes with StatReloader
INFO 2025-03-26 15:48:15,474 views 11624 10776 Current user profile: admin@ucl.ac.uk
INFO 2025-03-26 15:48:15,474 views 11624 10776 Track profile views: True
INFO 2025-03-26 15:48:15,476 views 11624 10776 Total profile views found: 8
INFO 2025-03-26 15:48:15,478 views 11624 10776 Profile view - Viewer: markoAdmin@ucl.ac.uk, Viewed at: 2025-03-26 15:37:39.442085+00:00
INFO 2025-03-26 15:48:15,480 views 11624 10776 Profile view - Viewer: markoAdmin@ucl.ac.uk, Viewed at: 2025-03-26 15:33:56.568464+00:00
INFO 2025-03-26 15:48:15,481 views 11624 10776 Profile view - Viewer: markoAdmin@ucl.ac.uk, Viewed at: 2025-03-26 15:33:54.802460+00:00
INFO 2025-03-26 15:48:15,483 views 11624 10776 Profile view - Viewer: markoAdmin@ucl.ac.uk, Viewed at: 2025-03-26 15:33:49.175638+00:00
INFO 2025-03-26 15:48:15,485 views 11624 10776 Profile view - Viewer: markoAdmin@ucl.ac.uk, Viewed at: 2025-03-26 15:18:05.039629+00:00
INFO 2025-03-26 15:48:15,486 views 11624 10776 Profile view - Viewer: admin@ucl.ac.uk, Viewed at: 2025-03-26 15:06:27.420845+00:00
INFO 2025-03-26 15:48:15,487 views 11624 10776 Profile view - Viewer: markoAdmin@ucl.ac.uk, Viewed at: 2025-03-26 14:48:59.509037+00:00
INFO 2025-03-26 15:48:15,489 views 11624 10776 Profile view - Viewer: markoAdmin@ucl.ac.uk, Viewed at: 2025-03-26 14:13:28.952325+00:00
INFO 2025-03-26 15:48:15,492 basehttp 11624 10776 "GET /profiles/history/ HTTP/1.1" 200 5028
INFO 2025-03-26 15:48:25,621 basehttp 11624 16244 "GET /history/ HTTP/1.1" 200 2376
INFO 2025-03-26 15:48:26,205 basehttp 11624 16244 "GET /history/ HTTP/1.1" 200 2376
INFO 2025-03-26 15:48:32,086 basehttp 11624 16244 "GET /history/ HTTP/1.1" 200 2376
INFO 2025-03-26 15:48:33,000 basehttp 11624 16244 "GET /history/ HTTP/1.1" 200 2376
INFO 2025-03-26 15:48:34,518 basehttp 11624 16244 "GET /history/ HTTP/1.1" 200 2376
INFO 2025-03-26 15:48:35,714 basehttp 11624 16244 "GET /history/ HTTP/1.1" 200 2376
INFO 2025-03-26 15:48:36,140 basehttp 11624 16244 "GET /history/ HTTP/1.1" 200 2376
INFO 2025-03-26 15:48:36,404 basehttp 11624 16244 "GET /history/ HTTP/1.1" 200 2376
INFO 2025-03-26 15:48:36,612 basehttp 11624 16244 "GET /history/ HTTP/1.1" 200 2376
INFO 2025-03-26 15:48:36,810 basehttp 11624 16244 "GET /history/ HTTP/1.1" 200 2376
INFO 2025-03-26 15:48:37,001 basehttp 11624 16244 "GET /history/ HTTP/1.1" 200 2376
INFO 2025-03-26 15:51:06,178 basehttp 11624 2072 "GET /history/ HTTP/1.1" 200 2376
WARNING 2025-03-26 15:51:20,430 log 11624 2072 Not Found: /profiles/history.
WARNING 2025-03-26 15:51:20,431 basehttp 11624 2072 "GET /profiles/history. HTTP/1.1" 404 4577
INFO 2025-03-26 15:51:22,821 views 11624 2072 Current user profile: markoAdmin@ucl.ac.uk
INFO 2025-03-26 15:51:22,821 views 11624 2072 Track profile views: False
INFO 2025-03-26 15:51:22,822 views 11624 2072 Total profile views found: 0
INFO 2025-03-26 15:51:22,825 basehttp 11624 2072 "GET /profiles/history/ HTTP/1.1" 200 2376
INFO 2025-03-26 15:51:23,827 views 11624 2072 Current user profile: markoAdmin@ucl.ac.uk
INFO 2025-03-26 15:51:23,827 views 11624 2072 Track profile views: False
INFO 2025-03-26 15:51:23,829 views 11624 2072 Total profile views found: 0
INFO 2025-03-26 15:51:23,831 basehttp 11624 2072 "GET /profiles/history/ HTTP/1.1" 200 2376
INFO 2025-03-26 15:51:24,813 views 11624 2072 Current user profile: markoAdmin@ucl.ac.uk
INFO 2025-03-26 15:51:24,813 views 11624 2072 Track profile views: False
INFO 2025-03-26 15:51:24,814 views 11624 2072 Total profile views found: 0
INFO 2025-03-26 15:51:24,817 basehttp 11624 2072 "GET /profiles/history/ HTTP/1.1" 200 2376
INFO 2025-03-26 15:51:30,278 views 11624 2072 Current user profile: markoAdmin@ucl.ac.uk
INFO 2025-03-26 15:51:30,278 views 11624 2072 Track profile views: False
INFO 2025-03-26 15:51:30,279 views 11624 2072 Total profile views found: 0
INFO 2025-03-26 15:51:30,283 basehttp 11624 2072 "GET /profiles/history/ HTTP/1.1" 200 2376
INFO 2025-03-26 15:51:38,130 views 11624 16244 Current user profile: admin@ucl.ac.uk
INFO 2025-03-26 15:51:38,131 views 11624 16244 Track profile views: True
INFO 2025-03-26 15:51:38,132 views 11624 16244 Total profile views found: 8
INFO 2025-03-26 15:51:38,135 views 11624 16244 Profile view - Viewer: markoAdmin@ucl.ac.uk, Viewed at: 2025-03-26 15:37:39.442085+00:00
INFO 2025-03-26 15:51:38,136 views 11624 16244 Profile view - Viewer: markoAdmin@ucl.ac.uk, Viewed at: 2025-03-26 15:33:56.568464+00:00
INFO 2025-03-26 15:51:38,138 views 11624 16244 Profile view - Viewer: markoAdmin@ucl.ac.uk, Viewed at: 2025-03-26 15:33:54.802460+00:00
INFO 2025-03-26 15:51:38,140 views 11624 16244 Profile view - Viewer: markoAdmin@ucl.ac.uk, Viewed at: 2025-03-26 15:33:49.175638+00:00
INFO 2025-03-26 15:51:38,141 views 11624 16244 Profile view - Viewer: markoAdmin@ucl.ac.uk, Viewed at: 2025-03-26 15:18:05.039629+00:00
INFO 2025-03-26 15:51:38,143 views 11624 16244 Profile view - Viewer: admin@ucl.ac.uk, Viewed at: 2025-03-26 15:06:27.420845+00:00
INFO 2025-03-26 15:51:38,144 views 11624 16244 Profile view - Viewer: markoAdmin@ucl.ac.uk, Viewed at: 2025-03-26 14:48:59.509037+00:00
INFO 2025-03-26 15:51:38,146 views 11624 16244 Profile view - Viewer: markoAdmin@ucl.ac.uk, Viewed at: 2025-03-26 14:13:28.952325+00:00
INFO 2025-03-26 15:51:38,148 basehttp 11624 16244 "GET /profiles/history/ HTTP/1.1" 200 5028
INFO 2025-03-26 15:52:00,179 basehttp 11624 2072 "GET /settings/ HTTP/1.1" 200 4587
INFO 2025-03-26 15:52:01,470 basehttp 11624 2072 "GET /profiles/edit_profile/ HTTP/1.1" 200 4760
INFO 2025-03-26 15:52:03,046 basehttp 11624 2072 "POST /profiles/edit_profile/ HTTP/1.1" 302 0
INFO 2025-03-26 15:52:03,061 basehttp 11624 2072 "GET /profiles/edit_profile/ HTTP/1.1" 200 4926
INFO 2025-03-26 15:52:05,073 basehttp 11624 2072 "GET /history/ HTTP/1.1" 200 2376
INFO 2025-03-26 15:52:06,128 basehttp 11624 2072 "GET /search/ HTTP/1.1" 200 2810
INFO 2025-03-26 15:52:09,755 basehttp 11624 16244 "GET /search/ HTTP/1.1" 200 2810
INFO 2025-03-26 15:52:20,335 basehttp 11624 16244 "GET /search/?q=admin HTTP/1.1" 200 3797
INFO 2025-03-26 15:52:21,688 basehttp 11624 16244 "GET /profile/markoAdmin@ucl.ac.uk/ HTTP/1.1" 200 3207
INFO 2025-03-26 15:52:25,010 basehttp 11624 2072 "GET /history/ HTTP/1.1" 200 2376
INFO 2025-03-26 15:52:31,068 views 11624 2072 Current user profile: markoAdmin@ucl.ac.uk
INFO 2025-03-26 15:52:31,068 views 11624 2072 Track profile views: True
INFO 2025-03-26 15:52:31,071 views 11624 2072 Total profile views found: 1
INFO 2025-03-26 15:52:31,074 views 11624 2072 Profile view - Viewer: admin@ucl.ac.uk, Viewed at: 2025-03-26 15:52:21.668898+00:00
INFO 2025-03-26 15:52:31,077 basehttp 11624 2072 "GET /profiles/history/ HTTP/1.1" 200 2928
ERROR 2025-03-26 15:54:10,280 log 11624 16244 Internal Server Error: /search/
Traceback (most recent call last):
  File "C:\Python\Python312\Lib\site-packages\django\core\handlers\exception.py", line 55, in inner
    response = get_response(request)
               ^^^^^^^^^^^^^^^^^^^^^
  File "C:\Python\Python312\Lib\site-packages\django\core\handlers\base.py", line 220, in _get_response
    response = response.render()
               ^^^^^^^^^^^^^^^^^
  File "C:\Python\Python312\Lib\site-packages\django\template\response.py", line 114, in render
    self.content = self.rendered_content
                   ^^^^^^^^^^^^^^^^^^^^^
  File "C:\Python\Python312\Lib\site-packages\django\template\response.py", line 92, in rendered_content
    return template.render(context, self._request)
           ^^^^^^^^^^^^^^^^^^^^^^^^^^^^^^^^^^^^^^^
  File "C:\Python\Python312\Lib\site-packages\django\template\backends\django.py", line 107, in render
    return self.template.render(context)
           ^^^^^^^^^^^^^^^^^^^^^^^^^^^^^
  File "C:\Python\Python312\Lib\site-packages\django\template\base.py", line 171, in render
    return self._render(context)
           ^^^^^^^^^^^^^^^^^^^^^
  File "C:\Python\Python312\Lib\site-packages\django\template\base.py", line 163, in _render
    return self.nodelist.render(context)
           ^^^^^^^^^^^^^^^^^^^^^^^^^^^^^
  File "C:\Python\Python312\Lib\site-packages\django\template\base.py", line 1008, in render
    return SafeString("".join([node.render_annotated(context) for node in self]))
                               ^^^^^^^^^^^^^^^^^^^^^^^^^^^^^^
  File "C:\Python\Python312\Lib\site-packages\django\template\base.py", line 969, in render_annotated
    return self.render(context)
           ^^^^^^^^^^^^^^^^^^^^
  File "C:\Python\Python312\Lib\site-packages\django\template\loader_tags.py", line 159, in render
    return compiled_parent._render(context)
           ^^^^^^^^^^^^^^^^^^^^^^^^^^^^^^^^
  File "C:\Python\Python312\Lib\site-packages\django\template\base.py", line 163, in _render
    return self.nodelist.render(context)
           ^^^^^^^^^^^^^^^^^^^^^^^^^^^^^
  File "C:\Python\Python312\Lib\site-packages\django\template\base.py", line 1008, in render
    return SafeString("".join([node.render_annotated(context) for node in self]))
                               ^^^^^^^^^^^^^^^^^^^^^^^^^^^^^^
  File "C:\Python\Python312\Lib\site-packages\django\template\base.py", line 969, in render_annotated
    return self.render(context)
           ^^^^^^^^^^^^^^^^^^^^
  File "C:\Python\Python312\Lib\site-packages\django\template\defaulttags.py", line 327, in render
    return nodelist.render(context)
           ^^^^^^^^^^^^^^^^^^^^^^^^
  File "C:\Python\Python312\Lib\site-packages\django\template\base.py", line 1008, in render
    return SafeString("".join([node.render_annotated(context) for node in self]))
                               ^^^^^^^^^^^^^^^^^^^^^^^^^^^^^^
  File "C:\Python\Python312\Lib\site-packages\django\template\base.py", line 969, in render_annotated
    return self.render(context)
           ^^^^^^^^^^^^^^^^^^^^
  File "C:\Python\Python312\Lib\site-packages\django\template\defaulttags.py", line 480, in render
    url = reverse(view_name, args=args, kwargs=kwargs, current_app=current_app)
          ^^^^^^^^^^^^^^^^^^^^^^^^^^^^^^^^^^^^^^^^^^^^^^^^^^^^^^^^^^^^^^^^^^^^^
  File "C:\Python\Python312\Lib\site-packages\django\urls\base.py", line 88, in reverse
    return resolver._reverse_with_prefix(view, prefix, *args, **kwargs)
           ^^^^^^^^^^^^^^^^^^^^^^^^^^^^^^^^^^^^^^^^^^^^^^^^^^^^^^^^^^^^
  File "C:\Python\Python312\Lib\site-packages\django\urls\resolvers.py", line 831, in _reverse_with_prefix
    raise NoReverseMatch(msg)
django.urls.exceptions.NoReverseMatch: Reverse for 'profiles/history' not found. 'profiles/history' is not a valid view function or pattern name.
ERROR 2025-03-26 15:54:10,286 basehttp 11624 16244 "GET /search/?q=admin HTTP/1.1" 500 149720
ERROR 2025-03-26 15:54:13,820 log 11624 16244 Internal Server Error: /search/
Traceback (most recent call last):
  File "C:\Python\Python312\Lib\site-packages\django\core\handlers\exception.py", line 55, in inner
    response = get_response(request)
               ^^^^^^^^^^^^^^^^^^^^^
  File "C:\Python\Python312\Lib\site-packages\django\core\handlers\base.py", line 220, in _get_response
    response = response.render()
               ^^^^^^^^^^^^^^^^^
  File "C:\Python\Python312\Lib\site-packages\django\template\response.py", line 114, in render
    self.content = self.rendered_content
                   ^^^^^^^^^^^^^^^^^^^^^
  File "C:\Python\Python312\Lib\site-packages\django\template\response.py", line 92, in rendered_content
    return template.render(context, self._request)
           ^^^^^^^^^^^^^^^^^^^^^^^^^^^^^^^^^^^^^^^
  File "C:\Python\Python312\Lib\site-packages\django\template\backends\django.py", line 107, in render
    return self.template.render(context)
           ^^^^^^^^^^^^^^^^^^^^^^^^^^^^^
  File "C:\Python\Python312\Lib\site-packages\django\template\base.py", line 171, in render
    return self._render(context)
           ^^^^^^^^^^^^^^^^^^^^^
  File "C:\Python\Python312\Lib\site-packages\django\template\base.py", line 163, in _render
    return self.nodelist.render(context)
           ^^^^^^^^^^^^^^^^^^^^^^^^^^^^^
  File "C:\Python\Python312\Lib\site-packages\django\template\base.py", line 1008, in render
    return SafeString("".join([node.render_annotated(context) for node in self]))
                               ^^^^^^^^^^^^^^^^^^^^^^^^^^^^^^
  File "C:\Python\Python312\Lib\site-packages\django\template\base.py", line 969, in render_annotated
    return self.render(context)
           ^^^^^^^^^^^^^^^^^^^^
  File "C:\Python\Python312\Lib\site-packages\django\template\loader_tags.py", line 159, in render
    return compiled_parent._render(context)
           ^^^^^^^^^^^^^^^^^^^^^^^^^^^^^^^^
  File "C:\Python\Python312\Lib\site-packages\django\template\base.py", line 163, in _render
    return self.nodelist.render(context)
           ^^^^^^^^^^^^^^^^^^^^^^^^^^^^^
  File "C:\Python\Python312\Lib\site-packages\django\template\base.py", line 1008, in render
    return SafeString("".join([node.render_annotated(context) for node in self]))
                               ^^^^^^^^^^^^^^^^^^^^^^^^^^^^^^
  File "C:\Python\Python312\Lib\site-packages\django\template\base.py", line 969, in render_annotated
    return self.render(context)
           ^^^^^^^^^^^^^^^^^^^^
  File "C:\Python\Python312\Lib\site-packages\django\template\defaulttags.py", line 327, in render
    return nodelist.render(context)
           ^^^^^^^^^^^^^^^^^^^^^^^^
  File "C:\Python\Python312\Lib\site-packages\django\template\base.py", line 1008, in render
    return SafeString("".join([node.render_annotated(context) for node in self]))
                               ^^^^^^^^^^^^^^^^^^^^^^^^^^^^^^
  File "C:\Python\Python312\Lib\site-packages\django\template\base.py", line 969, in render_annotated
    return self.render(context)
           ^^^^^^^^^^^^^^^^^^^^
  File "C:\Python\Python312\Lib\site-packages\django\template\defaulttags.py", line 480, in render
    url = reverse(view_name, args=args, kwargs=kwargs, current_app=current_app)
          ^^^^^^^^^^^^^^^^^^^^^^^^^^^^^^^^^^^^^^^^^^^^^^^^^^^^^^^^^^^^^^^^^^^^^
  File "C:\Python\Python312\Lib\site-packages\django\urls\base.py", line 88, in reverse
    return resolver._reverse_with_prefix(view, prefix, *args, **kwargs)
           ^^^^^^^^^^^^^^^^^^^^^^^^^^^^^^^^^^^^^^^^^^^^^^^^^^^^^^^^^^^^
  File "C:\Python\Python312\Lib\site-packages\django\urls\resolvers.py", line 831, in _reverse_with_prefix
    raise NoReverseMatch(msg)
django.urls.exceptions.NoReverseMatch: Reverse for 'profiles/history' not found. 'profiles/history' is not a valid view function or pattern name.
ERROR 2025-03-26 15:54:13,824 basehttp 11624 16244 "GET /search/ HTTP/1.1" 500 148784
INFO 2025-03-26 15:54:24,468 basehttp 11624 16244 "GET /search/ HTTP/1.1" 200 2655
INFO 2025-03-26 15:54:30,986 basehttp 11624 16244 "GET /history/ HTTP/1.1" 200 2221
INFO 2025-03-26 15:54:49,824 autoreload 11624 3788 C:\CompSci\ENGF0034\Scenarios2\UCLYellowPages\profiles\urls.py changed, reloading.
INFO 2025-03-26 15:54:50,352 autoreload 12320 816 C:\CompSci\ENGF0034\Scenarios2\UCLYellowPages\profiles\urls.py changed, reloading.
INFO 2025-03-26 15:54:51,611 autoreload 2388 11900 Watching for file changes with StatReloader
INFO 2025-03-26 15:54:51,939 basehttp 2388 7404 "GET /history/ HTTP/1.1" 200 2221
INFO 2025-03-26 15:54:53,704 basehttp 2388 7404 "GET /history/ HTTP/1.1" 200 2221
INFO 2025-03-26 15:54:54,456 basehttp 2388 7404 "GET /history/ HTTP/1.1" 200 2221
INFO 2025-03-26 15:54:55,330 basehttp 2388 7404 "GET /history/ HTTP/1.1" 200 2221
INFO 2025-03-26 15:54:55,756 basehttp 2388 7404 "GET /search/ HTTP/1.1" 200 2655
INFO 2025-03-26 15:54:56,223 autoreload 4568 4492 Watching for file changes with StatReloader
INFO 2025-03-26 15:54:56,384 basehttp 2388 7404 "GET /history/ HTTP/1.1" 200 2221
INFO 2025-03-26 15:55:03,303 basehttp 2388 7404 "GET /history/ HTTP/1.1" 200 2221
INFO 2025-03-26 15:55:08,554 autoreload 2388 11900 C:\CompSci\ENGF0034\Scenarios2\UCLYellowPages\profiles\urls.py changed, reloading.
INFO 2025-03-26 15:55:08,698 autoreload 4568 4492 C:\CompSci\ENGF0034\Scenarios2\UCLYellowPages\profiles\urls.py changed, reloading.
INFO 2025-03-26 15:55:10,165 autoreload 10440 15084 Watching for file changes with StatReloader
INFO 2025-03-26 15:55:11,391 autoreload 1592 10592 Watching for file changes with StatReloader
INFO 2025-03-26 15:55:11,759 basehttp 10440 15844 "GET /history/ HTTP/1.1" 200 2221
INFO 2025-03-26 15:55:12,739 basehttp 10440 15844 "GET /history/ HTTP/1.1" 200 2221
INFO 2025-03-26 15:55:13,375 basehttp 10440 15844 "GET /history/ HTTP/1.1" 200 2221
INFO 2025-03-26 15:55:27,875 views 10440 15844 Current user profile: admin@ucl.ac.uk
INFO 2025-03-26 15:55:27,877 views 10440 15844 Track profile views: True
INFO 2025-03-26 15:55:27,877 views 10440 15844 Total profile views found: 8
INFO 2025-03-26 15:55:27,882 views 10440 15844 Profile view - Viewer: markoAdmin@ucl.ac.uk, Viewed at: 2025-03-26 15:37:39.442085+00:00
INFO 2025-03-26 15:55:27,883 views 10440 15844 Profile view - Viewer: markoAdmin@ucl.ac.uk, Viewed at: 2025-03-26 15:33:56.568464+00:00
INFO 2025-03-26 15:55:27,884 views 10440 15844 Profile view - Viewer: markoAdmin@ucl.ac.uk, Viewed at: 2025-03-26 15:33:54.802460+00:00
INFO 2025-03-26 15:55:27,885 views 10440 15844 Profile view - Viewer: markoAdmin@ucl.ac.uk, Viewed at: 2025-03-26 15:33:49.175638+00:00
INFO 2025-03-26 15:55:27,887 views 10440 15844 Profile view - Viewer: markoAdmin@ucl.ac.uk, Viewed at: 2025-03-26 15:18:05.039629+00:00
INFO 2025-03-26 15:55:27,890 views 10440 15844 Profile view - Viewer: admin@ucl.ac.uk, Viewed at: 2025-03-26 15:06:27.420845+00:00
INFO 2025-03-26 15:55:27,892 views 10440 15844 Profile view - Viewer: markoAdmin@ucl.ac.uk, Viewed at: 2025-03-26 14:48:59.509037+00:00
INFO 2025-03-26 15:55:27,894 views 10440 15844 Profile view - Viewer: markoAdmin@ucl.ac.uk, Viewed at: 2025-03-26 14:13:28.952325+00:00
INFO 2025-03-26 15:55:27,946 basehttp 10440 15844 "GET /profiles/history/ HTTP/1.1" 200 4873
INFO 2025-03-26 15:56:01,452 autoreload 10440 15084 C:\CompSci\ENGF0034\Scenarios2\UCLYellowPages\profiles\views.py changed, reloading.
INFO 2025-03-26 15:56:02,816 autoreload 1592 10592 C:\CompSci\ENGF0034\Scenarios2\UCLYellowPages\profiles\views.py changed, reloading.
INFO 2025-03-26 15:56:04,555 autoreload 6592 3540 Watching for file changes with StatReloader
INFO 2025-03-26 15:56:04,844 basehttp 6592 4332 "GET /history/ HTTP/1.1" 200 2221
INFO 2025-03-26 15:56:05,776 autoreload 6784 2360 Watching for file changes with StatReloader
WARNING 2025-03-26 15:57:40,199 log 6592 8508 Not Found: /profiles/
WARNING 2025-03-26 15:57:40,200 basehttp 6592 8508 "GET /profiles/ HTTP/1.1" 404 4553
INFO 2025-03-26 15:59:16,170 autoreload 6784 2360 C:\CompSci\ENGF0034\Scenarios2\UCLYellowPages\profiles\urls.py changed, reloading.
INFO 2025-03-26 15:59:16,270 autoreload 6592 3540 C:\CompSci\ENGF0034\Scenarios2\UCLYellowPages\profiles\urls.py changed, reloading.
INFO 2025-03-26 15:59:17,412 autoreload 16036 3232 Watching for file changes with StatReloader
INFO 2025-03-26 15:59:18,312 autoreload 2984 4520 Watching for file changes with StatReloader
INFO 2025-03-26 15:59:43,996 autoreload 2984 4520 C:\CompSci\ENGF0034\Scenarios2\UCLYellowPages\profiles\urls.py changed, reloading.
INFO 2025-03-26 15:59:44,120 autoreload 16036 3232 C:\CompSci\ENGF0034\Scenarios2\UCLYellowPages\profiles\urls.py changed, reloading.
INFO 2025-03-26 15:59:45,172 autoreload 10364 8356 Watching for file changes with StatReloader
INFO 2025-03-26 15:59:46,025 autoreload 8500 4872 Watching for file changes with StatReloader
INFO 2025-03-26 15:59:49,491 views 10364 9832 Current user profile: markoAdmin@ucl.ac.uk
INFO 2025-03-26 15:59:49,492 views 10364 9832 Track profile views: True
INFO 2025-03-26 15:59:49,494 views 10364 9832 Total profile views found: 1
INFO 2025-03-26 15:59:49,497 views 10364 9832 Profile view - Viewer: admin@ucl.ac.uk, Viewed at: 2025-03-26 15:52:21.668898+00:00
INFO 2025-03-26 15:59:49,536 basehttp 10364 9832 "GET /profiles/history/ HTTP/1.1" 200 2782
INFO 2025-03-26 15:59:51,220 basehttp 10364 9832 "GET /profiles/edit_profile/ HTTP/1.1" 200 4622
INFO 2025-03-26 15:59:52,035 views 10364 9832 Current user profile: markoAdmin@ucl.ac.uk
INFO 2025-03-26 15:59:52,035 views 10364 9832 Track profile views: True
INFO 2025-03-26 15:59:52,037 views 10364 9832 Total profile views found: 1
INFO 2025-03-26 15:59:52,040 views 10364 9832 Profile view - Viewer: admin@ucl.ac.uk, Viewed at: 2025-03-26 15:52:21.668898+00:00
INFO 2025-03-26 15:59:52,042 basehttp 10364 9832 "GET /profiles/history/ HTTP/1.1" 200 2782
INFO 2025-03-26 16:25:08,247 basehttp 10364 1992 "GET /history/ HTTP/1.1" 200 2230
INFO 2025-03-26 16:25:09,543 views 10364 1992 Current user profile: admin@ucl.ac.uk
INFO 2025-03-26 16:25:09,544 views 10364 1992 Track profile views: True
INFO 2025-03-26 16:25:09,545 views 10364 1992 Total profile views found: 8
INFO 2025-03-26 16:25:09,549 views 10364 1992 Profile view - Viewer: markoAdmin@ucl.ac.uk, Viewed at: 2025-03-26 15:37:39.442085+00:00
INFO 2025-03-26 16:25:09,551 views 10364 1992 Profile view - Viewer: markoAdmin@ucl.ac.uk, Viewed at: 2025-03-26 15:33:56.568464+00:00
INFO 2025-03-26 16:25:09,553 views 10364 1992 Profile view - Viewer: markoAdmin@ucl.ac.uk, Viewed at: 2025-03-26 15:33:54.802460+00:00
INFO 2025-03-26 16:25:09,554 views 10364 1992 Profile view - Viewer: markoAdmin@ucl.ac.uk, Viewed at: 2025-03-26 15:33:49.175638+00:00
INFO 2025-03-26 16:25:09,555 views 10364 1992 Profile view - Viewer: markoAdmin@ucl.ac.uk, Viewed at: 2025-03-26 15:18:05.039629+00:00
INFO 2025-03-26 16:25:09,557 views 10364 1992 Profile view - Viewer: admin@ucl.ac.uk, Viewed at: 2025-03-26 15:06:27.420845+00:00
INFO 2025-03-26 16:25:09,558 views 10364 1992 Profile view - Viewer: markoAdmin@ucl.ac.uk, Viewed at: 2025-03-26 14:48:59.509037+00:00
INFO 2025-03-26 16:25:09,560 views 10364 1992 Profile view - Viewer: markoAdmin@ucl.ac.uk, Viewed at: 2025-03-26 14:13:28.952325+00:00
INFO 2025-03-26 16:25:09,562 basehttp 10364 1992 "GET /profiles/history/ HTTP/1.1" 200 4882
INFO 2025-03-26 16:26:03,263 autoreload 10364 8356 C:\CompSci\ENGF0034\Scenarios2\UCLYellowPages\profiles\views.py changed, reloading.
INFO 2025-03-26 16:26:03,564 autoreload 8500 4872 C:\CompSci\ENGF0034\Scenarios2\UCLYellowPages\profiles\views.py changed, reloading.
INFO 2025-03-26 16:26:04,474 autoreload 11316 9672 Watching for file changes with StatReloader
ERROR 2025-03-26 16:26:05,024 log 11316 9768 Internal Server Error: /profiles/history/
Traceback (most recent call last):
  File "C:\Python\Python312\Lib\site-packages\django\core\handlers\exception.py", line 55, in inner
    response = get_response(request)
               ^^^^^^^^^^^^^^^^^^^^^
  File "C:\Python\Python312\Lib\site-packages\django\core\handlers\base.py", line 197, in _get_response
    response = wrapped_callback(request, *callback_args, **callback_kwargs)
               ^^^^^^^^^^^^^^^^^^^^^^^^^^^^^^^^^^^^^^^^^^^^^^^^^^^^^^^^^^^^
  File "C:\Python\Python312\Lib\site-packages\django\views\generic\base.py", line 104, in view
    return self.dispatch(request, *args, **kwargs)
           ^^^^^^^^^^^^^^^^^^^^^^^^^^^^^^^^^^^^^^^
  File "C:\Python\Python312\Lib\site-packages\django\contrib\auth\mixins.py", line 73, in dispatch
    return super().dispatch(request, *args, **kwargs)
           ^^^^^^^^^^^^^^^^^^^^^^^^^^^^^^^^^^^^^^^^^^
  File "C:\Python\Python312\Lib\site-packages\django\views\generic\base.py", line 143, in dispatch
    return handler(request, *args, **kwargs)
           ^^^^^^^^^^^^^^^^^^^^^^^^^^^^^^^^^
  File "C:\Python\Python312\Lib\site-packages\django\views\generic\base.py", line 226, in get
    context = self.get_context_data(**kwargs)
              ^^^^^^^^^^^^^^^^^^^^^^^^^^^^^^^
  File "C:\CompSci\ENGF0034\Scenarios2\UCLYellowPages\profiles\views.py", line 92, in get_context_data
    context['tracking_enabled'] = user_profile.tracking_enabled
                                  ^^^^^^^^^^^^^^^^^^^^^^^^^^^^^
AttributeError: 'UserData' object has no attribute 'tracking_enabled'
ERROR 2025-03-26 16:26:05,034 basehttp 11316 9768 "GET /profiles/history/ HTTP/1.1" 500 86845
INFO 2025-03-26 16:26:05,781 autoreload 16004 11640 Watching for file changes with StatReloader
INFO 2025-03-26 16:26:52,062 autoreload 16004 11640 C:\CompSci\ENGF0034\Scenarios2\UCLYellowPages\profiles\views.py changed, reloading.
INFO 2025-03-26 16:26:52,331 autoreload 11316 9672 C:\CompSci\ENGF0034\Scenarios2\UCLYellowPages\profiles\views.py changed, reloading.
INFO 2025-03-26 16:26:54,158 autoreload 14976 4792 Watching for file changes with StatReloader
INFO 2025-03-26 16:26:54,421 basehttp 14976 14424 "GET /profiles/history/ HTTP/1.1" 200 4779
INFO 2025-03-26 16:26:55,194 autoreload 15888 15788 Watching for file changes with StatReloader
INFO 2025-03-26 16:26:58,960 basehttp 14976 14424 "GET /profiles/edit_profile/ HTTP/1.1" 200 4701
INFO 2025-03-26 16:27:00,377 basehttp 14976 14424 "POST /profiles/edit_profile/ HTTP/1.1" 302 0
INFO 2025-03-26 16:27:00,389 basehttp 14976 14424 "GET /profiles/edit_profile/ HTTP/1.1" 200 4851
INFO 2025-03-26 16:27:01,398 basehttp 14976 14424 "GET /profiles/history/ HTTP/1.1" 200 4882
INFO 2025-03-26 16:27:26,266 basehttp 14976 1728 "GET /admin/profiles/profileview/ HTTP/1.1" 200 23175
INFO 2025-03-26 16:27:26,391 basehttp 14976 1728 "GET /admin/jsi18n/ HTTP/1.1" 200 3342
INFO 2025-03-26 16:27:28,019 basehttp 14976 1728 "GET /admin/profiles/profileview/39/change/ HTTP/1.1" 200 15106
INFO 2025-03-26 16:27:28,070 basehttp 14976 4912 "GET /admin/jsi18n/ HTTP/1.1" 200 3342
INFO 2025-03-26 16:27:28,159 basehttp 14976 1728 "GET /static/admin/css/forms.css HTTP/1.1" 200 8710
INFO 2025-03-26 16:27:28,165 basehttp 14976 1692 "GET /static/admin/js/prepopulate_init.js HTTP/1.1" 200 586
INFO 2025-03-26 16:27:28,175 basehttp 14976 1728 "GET /static/admin/img/icon-changelink.svg HTTP/1.1" 200 380
INFO 2025-03-26 16:27:28,179 basehttp 14976 4912 "GET /static/admin/css/widgets.css HTTP/1.1" 200 11564
INFO 2025-03-26 16:27:28,197 basehttp 14976 1728 "GET /static/admin/img/icon-viewlink.svg HTTP/1.1" 200 581
INFO 2025-03-26 16:27:28,200 basehttp 14976 4912 "GET /static/admin/img/icon-deletelink.svg HTTP/1.1" 200 392
INFO 2025-03-26 16:27:28,217 basehttp 14976 1692 "GET /static/admin/js/change_form.js HTTP/1.1" 200 606
INFO 2025-03-26 16:27:30,022 basehttp 14976 1692 "GET /admin/profiles/profileview/ HTTP/1.1" 200 23175
